
> Configure project :
Fabric Loom: 1.13.6

> Task :compileJava

BUILD SUCCESSFUL in 3s
1 actionable task: 1 executed
